#status
  %s == :expired

#available?
  %s == false

#registered?
  %s == true

#created_on
  %s %CLASS{time}
  %s %TIME{2012-08-08}

#updated_on
  %s %CLASS{time}
  %s %TIME{2017-09-03}

#expires_on
  %s %CLASS{time}
  %s %TIME{2017-09-01}

#nameservers
  %s %CLASS{array}
  %s %SIZE{3}
