#status
  %s == [:server_update_prohibited, :server_transfer_prohibited]

#available?
  %s == false

#registered?
  %s == true
