#status
  %s == [:out_of_zone, :expired]

#available?
  %s == false

#registered?
  %s == true
