#status
  %s == [:delete_candidate]

#available?
  %s == false

#registered?
  %s == true
