#status
  %s == [:deletion_forbidden, :server_transfer_prohibited, :update_forbidden, :server_blocked, :expired, :out_of_zone, :server_registrant_change_prohibited]

#available?
  %s == false

#registered?
  %s == true
