#status
  should: %s == [:delete_candidate]

#available?
  should: %s == false

#registered?
  should: %s == true
