#status
  should: %s == [:server_delete_prohibited, :server_renew_prohibited, :server_update_prohibited, :server_in_zone_manual, :server_blocked]

#available?
  should: %s == false

#registered?
  should: %s == true
