#registrant_contacts
  should: %s[0].name          == "Hynek Hluchý logo Hynek Hynek Hluchý logo Hluchý"