#registrant_contacts
  should: %s[0].address       == "Zavodní 2453/28\nKaviná-Nové Město \n73506\nCZ"
