#status
  should: %s == [:out_of_zone, :expired]

#available?
  should: %s == false

#registered?
  should: %s == true
