#status
  should: %s == [:registered, :server_transfer_prohibited]

#available?
  should: %s == false

#registered?
  should: %s == true
